<html>
<body>
<pre>
<h1>µVision Build Log</h1>
<h2>Tool Versions:</h2>
IDE-Version: µVision V5.21.0.0
Copyright (C) 2016 ARM Ltd and ARM Germany GmbH. All rights reserved.
License Information: Andre Balzen, UBC, LIC=IC9X7-E2328-5A6DF-6060E-EFB8L-H6ICB
 
Tool Versions:
Toolchain:       MDK-ARM Professional  Version: 5.20
Toolchain Path:  D:\KEIL\ARM\PACK\ARM\ARMCC\Bin
C Compiler:      Armcc.exe V5.06 update 2 (build 183)
Assembler:       Armasm.exe V5.06 update 2 (build 183)
Linker/Locator:  ArmLink.exe V5.06 update 2 (build 183)
Library Manager: ArmAr.exe V5.06 update 2 (build 183)
Hex Converter:   FromElf.exe V5.06 update 2 (build 183)
CPU DLL:         SARMCM3.DLL V5.20
Dialog DLL:      DARMCM1.DLL V1.14.0.0
Target DLL:      STLink\ST-LINKIII-KEIL_SWO.dll V2.0.18.0
Dialog DLL:      TARMCM1.DLL V1.10.0.0
 
<h2>Project:</h2>
D:\FaridSTMprojects\DAC\MDK-ARM\DAC.uvprojx
Project File Date:  01/05/2017

<h2>Output:</h2>
*** Using Compiler 'V5.06 update 2 (build 183)', folder: 'D:\KEIL\ARM\PACK\ARM\ARMCC\Bin'
Rebuild target 'DAC'
compiling stm32f0xx_hal.c...
compiling stm32f0xx_hal_dac.c...
compiling stm32f0xx_hal_msp.c...
compiling main.c...
compiling stm32f0xx_it.c...
compiling stm32f0xx_hal_dac_ex.c...
compiling stm32f0xx_hal_cortex.c...
compiling stm32f0xx_hal_rcc.c...
compiling stm32f0xx_hal_i2c_ex.c...
compiling stm32f0xx_hal_pwr_ex.c...
compiling stm32f0xx_hal_tim.c...
compiling stm32f0xx_hal_flash_ex.c...
compiling stm32f0xx_hal_tim_ex.c...
compiling stm32f0xx_hal_gpio.c...
assembling startup_stm32f072xb.s...
compiling stm32f0xx_hal_pwr.c...
compiling stm32f0xx_hal_flash.c...
compiling system_stm32f0xx.c...
compiling stm32f0xx_hal_rcc_ex.c...
compiling stm32f0xx_hal_dma.c...
compiling stm32f0xx_hal_i2c.c...
linking...
Program Size: Code=3240 RO-data=240 RW-data=8 ZI-data=1184  
"DAC\DAC.axf" - 0 Error(s), 0 Warning(s).

<h2>Software Packages used:</h2>

Package Vendor: ARM
                http://www.keil.com/pack/ARM.CMSIS.5.0.0-Beta4.pack
                ARM::CMSIS:CORE:5.0.0
                CMSIS (Cortex Microcontroller Software Interface Standard)
   * Component: CORE Version: 5.0.0

<h2>Collection of Component include folders:</h2>
  D:\FaridSTMprojects\DAC\MDK-ARM\RTE
  D:\KEIL\ARM\PACK\ARM\PACK\ARM\CMSIS\5.0.0-Beta4\CMSIS\Include
  D:\KEIL\ARM\PACK\ARM\PACK\Keil\STM32F0xx_DFP\1.5.0\Device\Include

<h2>Collection of Component Files used:</h2>

   * Component: ARM::CMSIS:CORE:5.0.0
Build Time Elapsed:  00:00:07
</pre>
</body>
</html>
